// Jest Snapshot v1, https://goo.gl/fbAQLP

exports[`Quote snapshot test 1`] = `
<div
  id="quote"
>
  <h1>
    Quote
  </h1>
  <p>
    Lorem ipsum dolor sit amet consectetur, adipisicing elit. Doloremque ut
    quidem doloribus commodi incidunt dolorum,
    architecto ipsa, modi voluptatem idut laborum hic labore!
  </p>
</div>
`;